Microchip MPLAB XC8 Compiler V2.45

Linker command line:

-W-3 \
  --edf=C:\Program Files\Microchip\xc8\v2.45\pic\dat\20230818022343_en.msgs \
  -cn -h+dist/default/production\Carte_Wifi.production.sym \
  --cmf=dist/default/production\Carte_Wifi.production.cmf -z -Q18F26K22 \
  -oC:\Users\ggttg\AppData\Local\Temp\xcAsipk.\driver_tmp_3.o \
  --defsym=__MPLAB_BUILD=1 --fixupoverflow=error \
  -Mdist/default/production/Carte_Wifi.production.map \
  --md=C:\Users\ggttg\AppData\Local\Temp\xcAsipk.\driver_tmp_0.dat -E1 \
  -ver=XC8 Compiler --acfsm=1493 -p_version_text=F00000h -ACODE=00h-0FFFFh \
  -ACONST=00h-0FFFFh -ASMALLCONST=01000h-010FFhx240 \
  -AMEDIUMCONST=01000h-0FFFFh -ACOMRAM=01h-05Fh -AABS1=00h-0F37h \
  -ABIGRAM=01h-0F37h -ARAM=060h-0FFh,0100h-01FFhx14,0F00h-0F37h \
  -ABANK0=060h-0FFh -ABANK1=0100h-01FFh -ABANK2=0200h-02FFh \
  -ABANK3=0300h-03FFh -ABANK4=0400h-04FFh -ABANK5=0500h-05FFh \
  -ABANK6=0600h-06FFh -ABANK7=0700h-07FFh -ABANK8=0800h-08FFh \
  -ABANK9=0900h-09FFh -ABANK10=0A00h-0AFFh -ABANK11=0B00h-0BFFh \
  -ABANK12=0C00h-0CFFh -ABANK13=0D00h-0DFFh -ABANK14=0E00h-0EFFh \
  -ABANK15=0F00h-0F37h -ASFR=0F38h-0F5Fh,0F60h-0FFFh -ABIGSFR=0F38h-0FFFh \
  -ACONFIG=0300000h-030000Dh -AIDLOC=0200000h-0200007h \
  -AEEDATA=0F00000h-0F003FFh -peeprom_data=EEDATA \
  -preset_vec=00h,intcode=08h,intcodelo=018h,powerup,init -pramtop=01000h \
  -psmallconst=SMALLCONST -pmediumconst=MEDIUMCONST -pconst=CONST \
  -AFARRAM=00h-00h \
  -prdata=COMRAM,nvrram=COMRAM,nvbit=COMRAM,rbss=COMRAM,rbit=COMRAM \
  -pfarbss=FARRAM,fardata=FARRAM,nvFARRAM=FARRAM \
  -pintsave_regs=BIGRAM,bigbss=BIGRAM,bigdata=BIGRAM -pbss=RAM \
  -pidata=CODE,irdata=CODE,ibigdata=CODE,ifardata=CODE -prparam=COMRAM \
  C:\Users\ggttg\AppData\Local\Temp\xcAsipk.\driver_tmp_15.o \
  dist/default/production\Carte_Wifi.production.o 

Object code version is 3.11

Machine type is 18F26K22



                Name                               Link     Load   Length Selector   Space Scale
C:\Users\ggttg\AppData\Local\Temp\xcAsipk.\driver_tmp_15.o
                idloc                            200000   200000        8        0       5
                config                           300000   300000        E        0       4
                init                                13A      13A        4        C       0
                reset_vec                             0        0        4        0       0
dist/default/production\Carte_Wifi.production.o
                intcodelo                            18       18      122        C       0
                intcode                               8        8        6        4       0
                idloc                            200000   200000        8        0       5
                config                           300000   300000        E        0       4
                temp                                 4D       4D        1        1       1
                mediumconst                        FF00     FF00      100     7F80       0
                text69                             56EE     56EE       14        C       0
                text68                             56DA     56DA       14        C       0
                text67                             56C6     56C6       14        C       0
                text66                             56B2     56B2       14        C       0
                text65                             53D2     53D2       40        C       0
                text64                             4F1C     4F1C       9A        C       0
                text63                             5450     5450       3C        C       0
                intcode_body                       3786     3786      1C4        C       0
                text61                             5568     5568       34        C       0
                text60                             5726     5726       12        C       0
                text59                             5714     5714       12        C       0
                text58                             5642     5642       24        C       0
                text57                             2E48     2E48      39A        C       0
                text56                             185A     185A      4C2        C       0
                text55                             2A1C     2A1C      42C        C       0
                text54                             3B02     3B02      1B4        C       0
                text53                             4708     4708       F0        C       0
                text52                             4618     4618       F0        C       0
                text51                             569C     569C       16        C       0
                text50                             5392     5392       40        C       0
                text49                             4D28     4D28       AA        C       0
                text48                             4514     4514      104        C       0
                text47                             54C6     54C6       38        C       0
                text46                             52C4     52C4       48        C       0
                text45                             4306     4306      108        C       0
                text44                             4E78     4E78       A4        C       0
                text43                             5040     5040       88        C       0
                text42                             561C     561C       26        C       0
                text41                             40B2     40B2      14C        C       0
                text40                             3E0E     3E0E      156        C       0
                text39                             513E     513E       74        C       0
                text38                             5218     5218       64        C       0
                text37                             34BC     34BC      2CA        C       0
                text36                             559C     559C       32        C       0
                text35                             49A0     49A0       C4        C       0
                text34                             4BCC     4BCC       B0        C       0
                text33                             218C     218C      464        C       0
                text32                              A70      A70      928        C       0
                text30                             5702     5702       12        C       0
                text29                             5412     5412       3E        C       0
                text28                             5684     5684       18        C       0
                text27                             530C     530C       44        C       0
                text26                             4C7C     4C7C       AC        C       0
                text25                             440E     440E      106        C       0
                text24                             548C     548C       3A        C       0
                text23                             1398     1398      4C2        C       0
                text22                             527C     527C       48        C       0
                text21                             41FE     41FE      108        C       0
                text20                             4DD2     4DD2       A6        C       0
                text19                             4FB6     4FB6       8A        C       0
                text18                             55CE     55CE       28        C       0
                text17                             394A     394A      1B8        C       0
                text16                             3F64     3F64      14E        C       0
                text15                             3CB6     3CB6      158        C       0
                text14                             25F0     25F0      42C        C       0
                text13                             50C8     50C8       76        C       0
                text12                             51B2     51B2       66        C       0
                text11                             31E2     31E2      2DA        C       0
                text10                             54FE     54FE       36        C       0
                text9                              48DA     48DA       C6        C       0
                text8                              4B1A     4B1A       B2        C       0
                text7                              1D1C     1D1C      470        C       0
                text6                               13E      13E      932        C       0
                text5                              47F8     47F8       E2        C       0
                text4                              5534     5534       34        C       0
                text3                              4A64     4A64       B6        C       0
                text2                              5738     5738       10        C       0
                text1                              5666     5666       1E        C       0
                text0                              5350     5350       42        C       0
                cstackCOMRAM                          1        1       4A        1       1
                cstackBANK0                          63       63       6A       63       1
                cstackBANK1                         100      100       6F      100       1
                bssBANK1                            16F      16F       33      100       1
                bssBANK0                             CD       CD       32       63       1
                bssCOMRAM                            4B       4B        2        1       1
                cinit                              55F6     55F6       26        C       0
                _version_text                    F00000   F00000       1C   780000       0

TOTAL           Name                               Link     Load   Length     Space
        CLASS   CODE           
                intcodelo                            18       18      122         0
                intcode                               8        8        6         0
                init                                13A      13A        4         0
                reset_vec                             0        0        4         0
                text69                             56EE     56EE       14         0
                text68                             56DA     56DA       14         0
                text67                             56C6     56C6       14         0
                text66                             56B2     56B2       14         0
                text65                             53D2     53D2       40         0
                text64                             4F1C     4F1C       9A         0
                text63                             5450     5450       3C         0
                intcode_body                       3786     3786      1C4         0
                text61                             5568     5568       34         0
                text60                             5726     5726       12         0
                text59                             5714     5714       12         0
                text58                             5642     5642       24         0
                text57                             2E48     2E48      39A         0
                text56                             185A     185A      4C2         0
                text55                             2A1C     2A1C      42C         0
                text54                             3B02     3B02      1B4         0
                text53                             4708     4708       F0         0
                text52                             4618     4618       F0         0
                text51                             569C     569C       16         0
                text50                             5392     5392       40         0
                text49                             4D28     4D28       AA         0
                text48                             4514     4514      104         0
                text47                             54C6     54C6       38         0
                text46                             52C4     52C4       48         0
                text45                             4306     4306      108         0
                text44                             4E78     4E78       A4         0
                text43                             5040     5040       88         0
                text42                             561C     561C       26         0
                text41                             40B2     40B2      14C         0
                text40                             3E0E     3E0E      156         0
                text39                             513E     513E       74         0
                text38                             5218     5218       64         0
                text37                             34BC     34BC      2CA         0
                text36                             559C     559C       32         0
                text35                             49A0     49A0       C4         0
                text34                             4BCC     4BCC       B0         0
                text33                             218C     218C      464         0
                text32                              A70      A70      928         0
                text30                             5702     5702       12         0
                text29                             5412     5412       3E         0
                text28                             5684     5684       18         0
                text27                             530C     530C       44         0
                text26                             4C7C     4C7C       AC         0
                text25                             440E     440E      106         0
                text24                             548C     548C       3A         0
                text23                             1398     1398      4C2         0
                text22                             527C     527C       48         0
                text21                             41FE     41FE      108         0
                text20                             4DD2     4DD2       A6         0
                text19                             4FB6     4FB6       8A         0
                text18                             55CE     55CE       28         0
                text17                             394A     394A      1B8         0
                text16                             3F64     3F64      14E         0
                text15                             3CB6     3CB6      158         0
                text14                             25F0     25F0      42C         0
                text13                             50C8     50C8       76         0
                text12                             51B2     51B2       66         0
                text11                             31E2     31E2      2DA         0
                text10                             54FE     54FE       36         0
                text9                              48DA     48DA       C6         0
                text8                              4B1A     4B1A       B2         0
                text7                              1D1C     1D1C      470         0
                text6                               13E      13E      932         0
                text5                              47F8     47F8       E2         0
                text4                              5534     5534       34         0
                text3                              4A64     4A64       B6         0
                text2                              5738     5738       10         0
                text1                              5666     5666       1E         0
                text0                              5350     5350       42         0
                cinit                              55F6     55F6       26         0
                _version_text                    F00000   F00000       1C         0

        CLASS   CONST          

        CLASS   SMALLCONST     

        CLASS   MEDIUMCONST    
                mediumconst                        FF00     FF00      100         0

        CLASS   COMRAM         
                temp                                 4D       4D        1         1
                cstackCOMRAM                          1        1       4A         1
                bssCOMRAM                            4B       4B        2         1

        CLASS   ABS1           
                abs_s1                               60       60        3         1

        CLASS   BIGRAM         

        CLASS   RAM            

        CLASS   BANK0          
                cstackBANK0                          63       63       6A         1
                bssBANK0                             CD       CD       32         1

        CLASS   BANK1          
                cstackBANK1                         100      100       6F         1
                bssBANK1                            16F      16F       33         1

        CLASS   BANK2          

        CLASS   BANK3          

        CLASS   BANK4          

        CLASS   BANK5          

        CLASS   BANK6          

        CLASS   BANK7          

        CLASS   BANK8          

        CLASS   BANK9          

        CLASS   BANK10         

        CLASS   BANK11         

        CLASS   BANK12         

        CLASS   BANK13         

        CLASS   BANK14         

        CLASS   BANK15         

        CLASS   SFR            

        CLASS   BIGSFR         

        CLASS   CONFIG         
                config                           300000   300000        E         4

        CLASS   IDLOC          
                idloc                            200000   200000        8         5

        CLASS   EEDATA         

        CLASS   FARRAM         

        CLASS   HEAP           

        CLASS   STACK          



SEGMENTS        Name                           Load    Length   Top    Selector   Space  Class

                reset_vec                      000000  000004  000004         0       0  CODE    
                cstackCOMRAM                   000001  00004D  00004E         1       1  COMRAM  
                intcode                        000008  000006  00000E         4       0  CODE    
                intcodelo                      000018  005730  005748         C       0  CODE    
                cstackBANK0                    000063  00009C  0000FF        63       1  BANK0   
                cstackBANK1                    000100  0000A2  0001A2       100       1  BANK1   
                mediumconst                    00FF00  000100  010000      7F80       0  MEDIUMCO
                _version_text                  F00000  00001C  F0001C    780000       0  CODE    


UNUSED ADDRESS RANGES

        Name                Unused          Largest block    Delta
        BANK0            0000FF-0000FF                1
        BANK1            0001A2-0001FF               5E
        BANK10           000A00-000AFF              100
        BANK11           000B00-000BFF              100
        BANK12           000C00-000CFF              100
        BANK13           000D00-000DFF              100
        BANK14           000E00-000EFF              100
        BANK15           000F00-000F37               38
        BANK2            000200-0002FF              100
        BANK3            000300-0003FF              100
        BANK4            000400-0004FF              100
        BANK5            000500-0005FF              100
        BANK6            000600-0006FF              100
        BANK7            000700-0007FF              100
        BANK8            000800-0008FF              100
        BANK9            000900-0009FF              100
        BIGRAM           00004E-00005F               12
                         0000FF-0000FF                1
                         0001A2-000F37              D96
        BIGSFR           000F38-000FFF               C8
        CODE             000004-000007                4
                         00000E-000017                A
                         005748-00FEFF             A7B8
        COMRAM           00004E-00005F               12
        CONST            000004-000007                4
                         00000E-000017                A
                         005748-00FEFF             A7B8
        EEDATA           F0001C-F003FF              3E4
        MEDIUMCONST      005748-00FEFF             A7B8
        RAM              0000FF-0000FF                1
                         0001A2-000F37              100
        SFR              000F38-000FFF               28
        SMALLCONST       005748-00FEFF              100

                                  Symbol Table

?_SHT21_lecture_Temperature           cstackBANK0   000089
?_SHT21_lecture_humidite              cstackBANK0   000089
?___awdiv                             cstackBANK1   000106
?___awmod                             cstackBANK1   000100
?___fladd                             cstackBANK1   000134
?___fldiv                             cstackCOMRAM  000021
?___flmul                             cstackBANK1   00010E
?___flneg                             cstackBANK1   000100
?___flsub                             cstackBANK1   000144
?___fltol                             cstackBANK1   000127
?___lldiv                             cstackBANK1   000100
?___llmod                             cstackBANK1   000100
?___lwdiv                             cstackBANK1   000105
?___lwmod                             cstackBANK1   000100
?___wmul                              cstackBANK1   000100
?___xxtofl                            cstackBANK1   000100
?__div_to_l_                          cstackBANK1   000100
?__tdiv_to_l_                         cstackBANK1   000100
?_fround                              cstackBANK1   000127
?_scale                               cstackBANK1   000127
?_sprintf                             cstackBANK1   00014C
?_strncmp                             cstackCOMRAM  000001
?i1___awdiv                           cstackCOMRAM  000019
?i1___awmod                           cstackCOMRAM  000013
?i1___fladd                           cstackBANK0   000079
?i1___flmul                           cstackCOMRAM  00003A
?i1___flneg                           cstackCOMRAM  000013
?i1___flsub                           cstackBANK0   000089
?i1___fltol                           cstackBANK0   000075
?i1___lldiv                           cstackCOMRAM  000013
?i1___llmod                           cstackCOMRAM  000013
?i1___lwdiv                           cstackCOMRAM  000018
?i1___lwmod                           cstackCOMRAM  000013
?i1___wmul                            cstackCOMRAM  000013
?i1___xxtofl                          cstackCOMRAM  000013
?i1__div_to_l_                        cstackCOMRAM  000013
?i1__tdiv_to_l_                       cstackCOMRAM  000013
?i1_fround                            cstackCOMRAM  000046
?i1_scale                             cstackCOMRAM  000046
?i1_sprintf                           cstackBANK0   000091
HighISR@caractere_recu                cstackCOMRAM  000012
HighISR@etat_relai_1                  cstackCOMRAM  00000E
HighISR@etat_relai_2                  cstackCOMRAM  000010
HighISR@i                             bssCOMRAM     00004B
I2C_Read@ack0_nack1                   cstackCOMRAM  000013
I2C_Read@data                         cstackCOMRAM  000014
I2C_Write@data                        cstackCOMRAM  000013
Iinit_ESP@envoi                       cstackBANK1   00016C
InitUart9600@Fclk                     cstackBANK1   000100
LowISR@humidite                       cstackBANK0   0000C9
LowISR@temperature                    cstackBANK0   0000C5
SHT21_lecture_Temperature@temperature cstackBANK0   00008D
SHT21_lecture_Temperature@valeur      cstackBANK0   000091
SHT21_lecture_humidite@humidite       cstackBANK0   00008D
SHT21_lecture_humidite@valeur         cstackBANK0   000091
UartReadChar@timeout                  cstackCOMRAM  000001
UartWriteChar@c                       cstackBANK1   000100
_ANSELBbits                           (abs)         000F39
_ANSELCbits                           (abs)         000F3A
_BAUDCONbits                          (abs)         000FB8
_HighISR                              intcode       000008
_I2C_Init                             text30        005702
_I2C_Read                             text61        005568
_I2C_Start                            text60        005726
_I2C_Stop                             text59        005714
_I2C_Write                            text58        005642
_INTCON2bits                          (abs)         000FF1
_INTCONbits                           (abs)         000FF2
_IPR1bits                             (abs)         000F9F
_Iinit_ESP                            text5         0047F8
_InitPic                              text4         005534
_InitUart9600                         text3         004A64
_Init_Interruption                    text2         005738
_Init_Timer0                          text1         005666
_LATBbits                             (abs)         000F8A
_LowISR                               intcodelo     000018
_OSCCON                               (abs)         000FD3
_PIE1bits                             (abs)         000F9D
_PIR1bits                             (abs)         000F9E
_R1_fermee                            text69        0056EE
_R1_ouvert                            text68        0056DA
_R2_fermee                            text67        0056C6
_R2_ouvert                            text66        0056B2
_RCONbits                             (abs)         000FD0
_RCREG1                               (abs)         000FAE
_RCSTA1                               (abs)         000FAB
_RCSTAbits                            (abs)         000FAB
_SHT21_lecture_Temperature            text53        004708
_SHT21_lecture_humidite               text52        004618
_SPBRG                                (abs)         000FAF
_SPBRG1                               (abs)         000FAF
_SPBRGH1                              (abs)         000FB0
_SSP1ADD                              (abs)         000FC8
_SSP1BUF                              (abs)         000FC9
_SSP1CON1                             (abs)         000FC6
_SSP1CON2                             (abs)         000FC5
_SSP1CON2bits                         (abs)         000FC5
_SSP1STAT                             (abs)         000FC7
_SSP1STATbits                         (abs)         000FC7
_STATM                                (abs)         000060
_STATMbits                            (abs)         000060
_T0CONbits                            (abs)         000FD5
_TMR0H                                (abs)         000FD7
_TMR0L                                (abs)         000FD6
_TRISBbits                            (abs)         000F93
_TRISCbits                            (abs)         000F94
_TXREG1                               (abs)         000FAD
_TXSTA1                               (abs)         000FAC
_TXSTA1bits                           (abs)         000FAC
_TXSTAbits                            (abs)         000FAC
_UartReadChar                         text65        0053D2
_UartWriteChar                        text28        005684
__HRAM                                (abs)         000000
__H__absolute__                       __absolute__  000000
__H_version_text                      _version_text F0001C
__Habs1                               abs1          000000
__Hbank0                              bank0         000000
__Hbank1                              bank1         000000
__Hbank10                             bank10        000000
__Hbank11                             bank11        000000
__Hbank12                             bank12        000000
__Hbank13                             bank13        000000
__Hbank14                             bank14        000000
__Hbank15                             bank15        000000
__Hbank2                              bank2         000000
__Hbank3                              bank3         000000
__Hbank4                              bank4         000000
__Hbank5                              bank5         000000
__Hbank6                              bank6         000000
__Hbank7                              bank7         000000
__Hbank8                              bank8         000000
__Hbank9                              bank9         000000
__Hbigbss                             bigbss        000000
__Hbigdata                            bigdata       000000
__Hbigram                             bigram        000000
__Hbigsfr                             bigsfr        000000
__Hbss                                bss           000000
__HbssBANK0                           bssBANK0      000000
__HbssBANK1                           bssBANK1      000000
__HbssCOMRAM                          bssCOMRAM     000000
__Hcinit                              cinit         000000
__Hclrtext                            clrtext       000000
__Hcomram                             comram        000000
__Hconfig                             config        30000E
__Hconst                              const         000000
__HcstackBANK0                        cstackBANK0   000000
__HcstackBANK1                        cstackBANK1   000000
__HcstackCOMRAM                       cstackCOMRAM  000000
__Hdata                               data          000000
__Heeprom_data                        eeprom_data   000000
__Hfarbss                             farbss        000000
__Hfardata                            fardata       000000
__Hheap                               heap          000000
__Hibigdata                           ibigdata      000000
__Hidata                              idata         000000
__Hidloc                              idloc         200008
__Hifardata                           ifardata      000000
__Hinit                               init          00013E
__Hintcode                            intcode       00000E
__Hintcode_body                       intcode_body  000000
__Hintcodelo                          intcodelo     00013A
__Hintentry                           intentry      000000
__Hintret                             intret        000000
__Hintsave_regs                       intsave_regs  000000
__Hirdata                             irdata        000000
__Hmediumconst                        mediumconst   010000
__HnvFARRAM                           nvFARRAM      000000
__Hnvbit                              nvbit         000000
__Hnvrram                             nvrram        000000
__Hparam                              rparam        000000
__Hpowerup                            powerup       00013A
__Hram                                ram           000000
__Hramtop                             ramtop        001000
__Hrbit                               rbit          000000
__Hrbss                               rbss          000000
__Hrdata                              rdata         000000
__Hreset_vec                          reset_vec     000004
__Hrparam                             rparam        000000
__Hsfr                                sfr           000000
__Hsmallconst                         smallconst    000000
__Hspace_0                            (abs)         F0001C
__Hspace_1                            (abs)         0001A2
__Hspace_2                            (abs)         000000
__Hspace_4                            (abs)         60000E
__Hstack                              stack         000000
__Hstruct                             struct        000000
__Htemp                               temp          00004E
__Htext                               text          000000
__Htext0                              text0         000000
__Htext1                              text1         000000
__Htext10                             text10        000000
__Htext11                             text11        000000
__Htext12                             text12        000000
__Htext13                             text13        000000
__Htext14                             text14        000000
__Htext15                             text15        000000
__Htext16                             text16        000000
__Htext17                             text17        000000
__Htext18                             text18        000000
__Htext19                             text19        000000
__Htext2                              text2         000000
__Htext20                             text20        000000
__Htext21                             text21        000000
__Htext22                             text22        000000
__Htext23                             text23        000000
__Htext24                             text24        000000
__Htext25                             text25        000000
__Htext26                             text26        000000
__Htext27                             text27        000000
__Htext28                             text28        000000
__Htext29                             text29        000000
__Htext3                              text3         000000
__Htext30                             text30        000000
__Htext32                             text32        000000
__Htext33                             text33        000000
__Htext34                             text34        000000
__Htext35                             text35        000000
__Htext36                             text36        000000
__Htext37                             text37        000000
__Htext38                             text38        000000
__Htext39                             text39        000000
__Htext4                              text4         000000
__Htext40                             text40        000000
__Htext41                             text41        000000
__Htext42                             text42        000000
__Htext43                             text43        000000
__Htext44                             text44        000000
__Htext45                             text45        000000
__Htext46                             text46        000000
__Htext47                             text47        000000
__Htext48                             text48        000000
__Htext49                             text49        000000
__Htext5                              text5         000000
__Htext50                             text50        000000
__Htext51                             text51        000000
__Htext52                             text52        000000
__Htext53                             text53        000000
__Htext54                             text54        000000
__Htext55                             text55        000000
__Htext56                             text56        000000
__Htext57                             text57        000000
__Htext58                             text58        000000
__Htext59                             text59        000000
__Htext6                              text6         000000
__Htext60                             text60        000000
__Htext61                             text61        000000
__Htext63                             text63        000000
__Htext64                             text64        000000
__Htext65                             text65        000000
__Htext66                             text66        000000
__Htext67                             text67        000000
__Htext68                             text68        000000
__Htext69                             text69        000000
__Htext7                              text7         000000
__Htext8                              text8         000000
__Htext9                              text9         000000
__LRAM                                (abs)         000001
__L__absolute__                       __absolute__  000000
__L_version_text                      _version_text F00000
__Labs1                               abs1          000000
__Lbank0                              bank0         000000
__Lbank1                              bank1         000000
__Lbank10                             bank10        000000
__Lbank11                             bank11        000000
__Lbank12                             bank12        000000
__Lbank13                             bank13        000000
__Lbank14                             bank14        000000
__Lbank15                             bank15        000000
__Lbank2                              bank2         000000
__Lbank3                              bank3         000000
__Lbank4                              bank4         000000
__Lbank5                              bank5         000000
__Lbank6                              bank6         000000
__Lbank7                              bank7         000000
__Lbank8                              bank8         000000
__Lbank9                              bank9         000000
__Lbigbss                             bigbss        000000
__Lbigdata                            bigdata       000000
__Lbigram                             bigram        000000
__Lbigsfr                             bigsfr        000000
__Lbss                                bss           000000
__LbssBANK0                           bssBANK0      000000
__LbssBANK1                           bssBANK1      000000
__LbssCOMRAM                          bssCOMRAM     000000
__Lcinit                              cinit         000000
__Lclrtext                            clrtext       000000
__Lcomram                             comram        000000
__Lconfig                             config        000000
__Lconst                              const         000000
__LcstackBANK0                        cstackBANK0   000000
__LcstackBANK1                        cstackBANK1   000000
__LcstackCOMRAM                       cstackCOMRAM  000000
__Ldata                               data          000000
__Leeprom_data                        eeprom_data   000000
__Lfarbss                             farbss        000000
__Lfardata                            fardata       000000
__Lheap                               heap          000000
__Libigdata                           ibigdata      000000
__Lidata                              idata         000000
__Lidloc                              idloc         000000
__Lifardata                           ifardata      000000
__Linit                               init          00013A
__Lintcode                            intcode       000008
__Lintcode_body                       intcode_body  000000
__Lintcodelo                          intcodelo     000018
__Lintentry                           intentry      000000
__Lintret                             intret        000000
__Lintsave_regs                       intsave_regs  000000
__Lirdata                             irdata        000000
__Lmediumconst                        mediumconst   00FF00
__LnvFARRAM                           nvFARRAM      000000
__Lnvbit                              nvbit         000000
__Lnvrram                             nvrram        000000
__Lparam                              rparam        000000
__Lpowerup                            powerup       00013A
__Lram                                ram           000000
__Lramtop                             ramtop        001000
__Lrbit                               rbit          000000
__Lrbss                               rbss          000000
__Lrdata                              rdata         000000
__Lreset_vec                          reset_vec     000000
__Lrparam                             rparam        000000
__Lsfr                                sfr           000000
__Lsmallconst                         smallconst    000000
__Lspace_0                            (abs)         000000
__Lspace_1                            (abs)         000000
__Lspace_2                            (abs)         000000
__Lspace_4                            (abs)         000000
__Lstack                              stack         000000
__Lstruct                             struct        000000
__Ltemp                               temp          00004D
__Ltext                               text          000000
__Ltext0                              text0         000000
__Ltext1                              text1         000000
__Ltext10                             text10        000000
__Ltext11                             text11        000000
__Ltext12                             text12        000000
__Ltext13                             text13        000000
__Ltext14                             text14        000000
__Ltext15                             text15        000000
__Ltext16                             text16        000000
__Ltext17                             text17        000000
__Ltext18                             text18        000000
__Ltext19                             text19        000000
__Ltext2                              text2         000000
__Ltext20                             text20        000000
__Ltext21                             text21        000000
__Ltext22                             text22        000000
__Ltext23                             text23        000000
__Ltext24                             text24        000000
__Ltext25                             text25        000000
__Ltext26                             text26        000000
__Ltext27                             text27        000000
__Ltext28                             text28        000000
__Ltext29                             text29        000000
__Ltext3                              text3         000000
__Ltext30                             text30        000000
__Ltext32                             text32        000000
__Ltext33                             text33        000000
__Ltext34                             text34        000000
__Ltext35                             text35        000000
__Ltext36                             text36        000000
__Ltext37                             text37        000000
__Ltext38                             text38        000000
__Ltext39                             text39        000000
__Ltext4                              text4         000000
__Ltext40                             text40        000000
__Ltext41                             text41        000000
__Ltext42                             text42        000000
__Ltext43                             text43        000000
__Ltext44                             text44        000000
__Ltext45                             text45        000000
__Ltext46                             text46        000000
__Ltext47                             text47        000000
__Ltext48                             text48        000000
__Ltext49                             text49        000000
__Ltext5                              text5         000000
__Ltext50                             text50        000000
__Ltext51                             text51        000000
__Ltext52                             text52        000000
__Ltext53                             text53        000000
__Ltext54                             text54        000000
__Ltext55                             text55        000000
__Ltext56                             text56        000000
__Ltext57                             text57        000000
__Ltext58                             text58        000000
__Ltext59                             text59        000000
__Ltext6                              text6         000000
__Ltext60                             text60        000000
__Ltext61                             text61        000000
__Ltext63                             text63        000000
__Ltext64                             text64        000000
__Ltext65                             text65        000000
__Ltext66                             text66        000000
__Ltext67                             text67        000000
__Ltext68                             text68        000000
__Ltext69                             text69        000000
__Ltext7                              text7         000000
__Ltext8                              text8         000000
__Ltext9                              text9         000000
__S0                                  (abs)         010000
__S1                                  (abs)         0001A2
__S4                                  (abs)         000000
__S5                                  (abs)         000000
___awdiv                              text9         0048DA
___awdiv@counter                      cstackBANK1   00010A
___awdiv@dividend                     cstackBANK1   000106
___awdiv@divisor                      cstackBANK1   000108
___awdiv@quotient                     cstackBANK1   00010C
___awdiv@sign                         cstackBANK1   00010B
___awmod                              text8         004B1A
___awmod@counter                      cstackBANK1   000104
___awmod@dividend                     cstackBANK1   000100
___awmod@divisor                      cstackBANK1   000102
___awmod@sign                         cstackBANK1   000105
___fladd                              text23        001398
___fladd@a                            cstackBANK1   000138
___fladd@aexp                         cstackBANK1   000141
___fladd@b                            cstackBANK1   000134
___fladd@bexp                         cstackBANK1   000142
___fladd@grs                          cstackBANK1   000143
___fladd@signs                        cstackBANK1   000140
___fldiv                              text57        002E48
___fldiv@a                            cstackCOMRAM  000025
___fldiv@aexp                         cstackCOMRAM  000039
___fldiv@b                            cstackCOMRAM  000021
___fldiv@bexp                         cstackCOMRAM  000038
___fldiv@grs                          cstackCOMRAM  000034
___fldiv@new_exp                      cstackCOMRAM  000032
___fldiv@rem                          cstackCOMRAM  00002D
___fldiv@sign                         cstackCOMRAM  000031
___fleq                               text26        004C7C
___fleq@ff1                           cstackBANK1   000100
___fleq@ff2                           cstackBANK1   000104
___flge                               text25        00440E
___flge@ff1                           cstackBANK1   000100
___flge@ff2                           cstackBANK1   000104
___flmul                              text14        0025F0
___flmul@a                            cstackBANK1   000112
___flmul@aexp                         cstackBANK1   00011F
___flmul@b                            cstackBANK1   00010E
___flmul@bexp                         cstackBANK1   000120
___flmul@grs                          cstackBANK1   00011B
___flmul@prod                         cstackBANK1   000121
___flmul@sign                         cstackBANK1   00011A
___flmul@temp                         cstackBANK1   000125
___flneg                              text24        00548C
___flneg@f1                           cstackBANK1   000100
___flsub                              text22        00527C
___flsub@a                            cstackBANK1   000148
___flsub@b                            cstackBANK1   000144
___fltol                              text21        0041FE
___fltol@exp1                         cstackBANK1   000130
___fltol@f1                           cstackBANK1   000127
___fltol@sign1                        cstackBANK1   00012F
___heap_hi                            (abs)         000000
___heap_lo                            (abs)         000000
___inthi_sp                           stack         000000
___inthi_stack_hi                     stack         000000
___inthi_stack_lo                     stack         000000
___intlo_sp                           stack         000000
___intlo_stack_hi                     stack         000000
___intlo_stack_lo                     stack         000000
___lldiv                              text20        004DD2
___lldiv@counter                      cstackBANK1   00010C
___lldiv@dividend                     cstackBANK1   000100
___lldiv@divisor                      cstackBANK1   000104
___lldiv@quotient                     cstackBANK1   000108
___llmod                              text19        004FB6
___llmod@counter                      cstackBANK1   000108
___llmod@dividend                     cstackBANK1   000100
___llmod@divisor                      cstackBANK1   000104
___lwdiv                              text13        0050C8
___lwdiv@counter                      cstackBANK1   00010B
___lwdiv@dividend                     cstackBANK1   000105
___lwdiv@divisor                      cstackBANK1   000107
___lwdiv@quotient                     cstackBANK1   000109
___lwmod                              text12        0051B2
___lwmod@counter                      cstackBANK1   000104
___lwmod@dividend                     cstackBANK1   000100
___lwmod@divisor                      cstackBANK1   000102
___param_bank                         (abs)         000000
___rparam_used                        (abs)         000001
___sp                                 stack         000000
___stack_hi                           stack         000000
___stack_lo                           stack         000000
___wmul                               text18        0055CE
___wmul@multiplicand                  cstackBANK1   000102
___wmul@multiplier                    cstackBANK1   000100
___wmul@product                       cstackBANK1   000104
___xxtofl                             text17        00394A
___xxtofl@arg                         cstackBANK1   00010A
___xxtofl@exp                         cstackBANK1   000109
___xxtofl@sign                        cstackBANK1   000108
___xxtofl@val                         cstackBANK1   000100
__accesstop                           (abs)         000060
__activetblptr                        (abs)         000003
__div_to_l_                           text16        003F64
__div_to_l_@cntr                      cstackBANK1   00010C
__div_to_l_@exp1                      cstackBANK1   00010D
__div_to_l_@f1                        cstackBANK1   000100
__div_to_l_@f2                        cstackBANK1   000104
__div_to_l_@quot                      cstackBANK1   000108
__end_of_HighISR                      intcode_body  00394A
__end_of_I2C_Init                     text30        005714
__end_of_I2C_Read                     text61        00559C
__end_of_I2C_Start                    text60        005738
__end_of_I2C_Stop                     text59        005726
__end_of_I2C_Write                    text58        005666
__end_of_Iinit_ESP                    text5         0048DA
__end_of_InitPic                      text4         005568
__end_of_InitUart9600                 text3         004B1A
__end_of_Init_Interruption            text2         005748
__end_of_Init_Timer0                  text1         005684
__end_of_LowISR                       intcodelo     00013A
__end_of_R1_fermee                    text69        005702
__end_of_R1_ouvert                    text68        0056EE
__end_of_R2_fermee                    text67        0056DA
__end_of_R2_ouvert                    text66        0056C6
__end_of_SHT21_lecture_Temperature    text53        0047F8
__end_of_SHT21_lecture_humidite       text52        004708
__end_of_UartReadChar                 text65        005412
__end_of_UartWriteChar                text28        00569C
__end_of___awdiv                      text9         0049A0
__end_of___awmod                      text8         004BCC
__end_of___fladd                      text23        00185A
__end_of___fldiv                      text57        0031E2
__end_of___fleq                       text26        004D28
__end_of___flge                       text25        004514
__end_of___flmul                      text14        002A1C
__end_of___flneg                      text24        0054C6
__end_of___flsub                      text22        0052C4
__end_of___fltol                      text21        004306
__end_of___lldiv                      text20        004E78
__end_of___llmod                      text19        005040
__end_of___lwdiv                      text13        00513E
__end_of___lwmod                      text12        005218
__end_of___wmul                       text18        0055F6
__end_of___xxtofl                     text17        003B02
__end_of__div_to_l_                   text16        0040B2
__end_of__initialization              cinit         005612
__end_of__npowers_                    mediumconst   00FF69
__end_of__powers_                     mediumconst   00FF35
__end_of__tdiv_to_l_                  text15        003E0E
__end_of_dpowers                      mediumconst   00FF91
__end_of_effacer                      text29        005450
__end_of_envoyer_UART                 text27        005350
__end_of_fround                       text11        0034BC
__end_of_isdigit                      text10        005534
__end_of_main                         text0         005392
__end_of_scale                        text7         00218C
__end_of_sprintf                      text6         000A70
__end_of_strncmp                      text64        004FB6
__end_of_version                      _version_text F0001C
__end_ofi1_UartWriteChar              text51        0056B2
__end_ofi1___awdiv                    text35        004A64
__end_ofi1___awmod                    text34        004C7C
__end_ofi1___fladd                    text56        001D1C
__end_ofi1___fleq                     text49        004DD2
__end_ofi1___flge                     text48        004618
__end_ofi1___flmul                    text55        002E48
__end_ofi1___flneg                    text47        0054FE
__end_ofi1___flsub                    text46        00530C
__end_ofi1___fltol                    text45        00440E
__end_ofi1___lldiv                    text44        004F1C
__end_ofi1___llmod                    text43        0050C8
__end_ofi1___lwdiv                    text39        0051B2
__end_ofi1___lwmod                    text38        00527C
__end_ofi1___wmul                     text42        005642
__end_ofi1___xxtofl                   text54        003CB6
__end_ofi1__div_to_l_                 text41        0041FE
__end_ofi1__tdiv_to_l_                text40        003F64
__end_ofi1_envoyer_UART               text50        0053D2
__end_ofi1_fround                     text37        003786
__end_ofi1_isdigit                    text36        0055CE
__end_ofi1_scale                      text33        0025F0
__end_ofi1_sprintf                    text32        001398
__end_ofi2_effacer                    text63        00548C
__initialization                      cinit         0055F6
__mediumconst                         mediumconst   00FF00
__npowers_                            mediumconst   00FF35
__p_version_text                      _version_text F00000
__pbssBANK0                           bssBANK0      0000CD
__pbssBANK1                           bssBANK1      00016F
__pbssCOMRAM                          bssCOMRAM     00004B
__pcinit                              cinit         0055F6
__pcstackBANK0                        cstackBANK0   000063
__pcstackBANK1                        cstackBANK1   000100
__pcstackCOMRAM                       cstackCOMRAM  000001
__pintcode                            intcode       000008
__pintcode_body                       intcode_body  003786
__pintcodelo                          intcodelo     000018
__pmediumconst                        mediumconst   00FF00
__powers_                             mediumconst   00FF01
__ptext0                              text0         005350
__ptext1                              text1         005666
__ptext10                             text10        0054FE
__ptext11                             text11        0031E2
__ptext12                             text12        0051B2
__ptext13                             text13        0050C8
__ptext14                             text14        0025F0
__ptext15                             text15        003CB6
__ptext16                             text16        003F64
__ptext17                             text17        00394A
__ptext18                             text18        0055CE
__ptext19                             text19        004FB6
__ptext2                              text2         005738
__ptext20                             text20        004DD2
__ptext21                             text21        0041FE
__ptext22                             text22        00527C
__ptext23                             text23        001398
__ptext24                             text24        00548C
__ptext25                             text25        00440E
__ptext26                             text26        004C7C
__ptext27                             text27        00530C
__ptext28                             text28        005684
__ptext29                             text29        005412
__ptext3                              text3         004A64
__ptext30                             text30        005702
__ptext32                             text32        000A70
__ptext33                             text33        00218C
__ptext34                             text34        004BCC
__ptext35                             text35        0049A0
__ptext36                             text36        00559C
__ptext37                             text37        0034BC
__ptext38                             text38        005218
__ptext39                             text39        00513E
__ptext4                              text4         005534
__ptext40                             text40        003E0E
__ptext41                             text41        0040B2
__ptext42                             text42        00561C
__ptext43                             text43        005040
__ptext44                             text44        004E78
__ptext45                             text45        004306
__ptext46                             text46        0052C4
__ptext47                             text47        0054C6
__ptext48                             text48        004514
__ptext49                             text49        004D28
__ptext5                              text5         0047F8
__ptext50                             text50        005392
__ptext51                             text51        00569C
__ptext52                             text52        004618
__ptext53                             text53        004708
__ptext54                             text54        003B02
__ptext55                             text55        002A1C
__ptext56                             text56        00185A
__ptext57                             text57        002E48
__ptext58                             text58        005642
__ptext59                             text59        005714
__ptext6                              text6         00013E
__ptext60                             text60        005726
__ptext61                             text61        005568
__ptext63                             text63        005450
__ptext64                             text64        004F1C
__ptext65                             text65        0053D2
__ptext66                             text66        0056B2
__ptext67                             text67        0056C6
__ptext68                             text68        0056DA
__ptext69                             text69        0056EE
__ptext7                              text7         001D1C
__ptext8                              text8         004B1A
__ptext9                              text9         0048DA
__ramtop                              ramtop        001000
__smallconst                          smallconst    000000
__tdiv_to_l_                          text15        003CB6
__tdiv_to_l_@cntr                     cstackBANK1   00010F
__tdiv_to_l_@exp1                     cstackBANK1   000110
__tdiv_to_l_@f1                       cstackBANK1   000100
__tdiv_to_l_@f2                       cstackBANK1   000104
__tdiv_to_l_@quot                     cstackBANK1   00010B
_capteur                              bssBANK0      0000E1
_connexion                            bssBANK1      00016F
_cpt                                  (abs)         000061
_data                                 bssBANK1      00018E
_dpowers                              mediumconst   00FF69
_effacer                              text29        005412
_envoi                                bssBANK1      000170
_envoyer_UART                         text27        00530C
_fround                               text11        0031E2
_fround$1977                          cstackBANK1   00012F
_fround$1978                          cstackBANK1   00012B
_isdigit                              text10        0054FE
_isdigit$1745                         cstackBANK1   000101
_main                                 text0         005350
_recu                                 bssBANK0      0000CD
_scale                                text7         001D1C
_scale$1979                           cstackBANK1   00012B
_sprintf                              text6         00013E
_sprintf$1980                         cstackBANK1   000153
_strncmp                              text64        004F1C
_version                              _version_text F00000
_version_absaddr                      (abs)         F00000
btemp                                 temp          00004D
effacer@chaine                        cstackBANK1   000100
effacer@i                             cstackBANK1   000102
end_of_initialization                 cinit         005612
envoyer_UART@buffer                   cstackBANK1   000101
envoyer_UART@i                        cstackBANK1   000103
fround@prec                           cstackBANK1   000133
i1UartWriteChar@c                     cstackCOMRAM  000013
i1_UartWriteChar                      text51        00569C
i1___awdiv                            text35        0049A0
i1___awdiv@counter                    cstackCOMRAM  00001D
i1___awdiv@dividend                   cstackCOMRAM  000019
i1___awdiv@divisor                    cstackCOMRAM  00001B
i1___awdiv@quotient                   cstackCOMRAM  00001F
i1___awdiv@sign                       cstackCOMRAM  00001E
i1___awmod                            text34        004BCC
i1___awmod@counter                    cstackCOMRAM  000017
i1___awmod@dividend                   cstackCOMRAM  000013
i1___awmod@divisor                    cstackCOMRAM  000015
i1___awmod@sign                       cstackCOMRAM  000018
i1___fladd                            text56        00185A
i1___fladd@a                          cstackBANK0   00007D
i1___fladd@aexp                       cstackBANK0   000086
i1___fladd@b                          cstackBANK0   000079
i1___fladd@bexp                       cstackBANK0   000087
i1___fladd@grs                        cstackBANK0   000088
i1___fladd@signs                      cstackBANK0   000085
i1___fleq                             text49        004D28
i1___fleq@ff1                         cstackCOMRAM  000013
i1___fleq@ff2                         cstackCOMRAM  000017
i1___flge                             text48        004514
i1___flge@ff1                         cstackCOMRAM  000013
i1___flge@ff2                         cstackCOMRAM  000017
i1___flmul                            text55        002A1C
i1___flmul@a                          cstackCOMRAM  00003E
i1___flmul@aexp                       cstackBANK0   000064
i1___flmul@b                          cstackCOMRAM  00003A
i1___flmul@bexp                       cstackBANK0   000069
i1___flmul@grs                        cstackBANK0   000065
i1___flmul@prod                       cstackBANK0   00006A
i1___flmul@sign                       cstackBANK0   000063
i1___flmul@temp                       cstackBANK0   00006E
i1___flneg                            text47        0054C6
i1___flneg@f1                         cstackCOMRAM  000013
i1___flsub                            text46        0052C4
i1___flsub@a                          cstackBANK0   00008D
i1___flsub@b                          cstackBANK0   000089
i1___fltol                            text45        004306
i1___fltol@exp1                       cstackBANK0   00007E
i1___fltol@f1                         cstackBANK0   000075
i1___fltol@sign1                      cstackBANK0   00007D
i1___lldiv                            text44        004E78
i1___lldiv@counter                    cstackCOMRAM  00001F
i1___lldiv@dividend                   cstackCOMRAM  000013
i1___lldiv@divisor                    cstackCOMRAM  000017
i1___lldiv@quotient                   cstackCOMRAM  00001B
i1___llmod                            text43        005040
i1___llmod@counter                    cstackCOMRAM  00001B
i1___llmod@dividend                   cstackCOMRAM  000013
i1___llmod@divisor                    cstackCOMRAM  000017
i1___lwdiv                            text39        00513E
i1___lwdiv@counter                    cstackCOMRAM  00001E
i1___lwdiv@dividend                   cstackCOMRAM  000018
i1___lwdiv@divisor                    cstackCOMRAM  00001A
i1___lwdiv@quotient                   cstackCOMRAM  00001C
i1___lwmod                            text38        005218
i1___lwmod@counter                    cstackCOMRAM  000017
i1___lwmod@dividend                   cstackCOMRAM  000013
i1___lwmod@divisor                    cstackCOMRAM  000015
i1___wmul                             text42        00561C
i1___wmul@multiplicand                cstackCOMRAM  000015
i1___wmul@multiplier                  cstackCOMRAM  000013
i1___wmul@product                     cstackCOMRAM  000017
i1___xxtofl                           text54        003B02
i1___xxtofl@arg                       cstackCOMRAM  00001D
i1___xxtofl@exp                       cstackCOMRAM  00001C
i1___xxtofl@sign                      cstackCOMRAM  00001B
i1___xxtofl@val                       cstackCOMRAM  000013
i1__div_to_l_                         text41        0040B2
i1__div_to_l_@cntr                    cstackCOMRAM  00001F
i1__div_to_l_@exp1                    cstackCOMRAM  000020
i1__div_to_l_@f1                      cstackCOMRAM  000013
i1__div_to_l_@f2                      cstackCOMRAM  000017
i1__div_to_l_@quot                    cstackCOMRAM  00001B
i1__tdiv_to_l_                        text40        003E0E
i1__tdiv_to_l_@cntr                   cstackCOMRAM  000022
i1__tdiv_to_l_@exp1                   cstackCOMRAM  000023
i1__tdiv_to_l_@f1                     cstackCOMRAM  000013
i1__tdiv_to_l_@f2                     cstackCOMRAM  000017
i1__tdiv_to_l_@quot                   cstackCOMRAM  00001E
i1_envoyer_UART                       text50        005392
i1_fround                             text37        0034BC
i1_fround$2201                        cstackBANK0   000074
i1_fround$2202                        cstackBANK0   000070
i1_isdigit                            text36        00559C
i1_isdigit$1745                       cstackCOMRAM  000014
i1_scale                              text33        00218C
i1_scale$2203                         cstackBANK0   000070
i1_sprintf                            text32        000A70
i1_sprintf$2204                       cstackBANK0   0000A0
i1envoyer_UART@buffer                 cstackCOMRAM  000014
i1envoyer_UART@i                      cstackCOMRAM  000016
i1fround@prec                         cstackBANK0   000078
i1isdigit@c                           cstackCOMRAM  000015
i1scale@scl                           cstackBANK0   000074
i1sprintf@ap                          cstackBANK0   0000A4
i1sprintf@c                           cstackBANK0   0000B8
i1sprintf@eexp                        cstackBANK0   0000AC
i1sprintf@f                           cstackBANK0   000093
i1sprintf@flag                        cstackBANK0   0000A6
i1sprintf@fval                        cstackBANK0   0000B4
i1sprintf@prec                        cstackBANK0   0000B2
i1sprintf@sp                          cstackBANK0   000091
i1sprintf@tmpval                      cstackBANK0   0000AE
i1sprintf@val                         cstackBANK0   0000A8
i2_effacer                            text63        005450
i2effacer@chaine                      cstackCOMRAM  000001
i2effacer@i                           cstackCOMRAM  000003
int$flags                             temp          00004D
int_func                              intcode_body  003786
intlevel0                             text          000000
intlevel1                             text          000000
intlevel2                             text          000000
intlevel3                             text          000000
isa$std                               (abs)         000001
isa$xinst                             (abs)         000000
isdigit@c                             cstackBANK1   000102
scale@scl                             cstackBANK1   00012F
sprintf@ap                            cstackBANK1   000157
sprintf@c                             cstackBANK1   00016B
sprintf@eexp                          cstackBANK1   00015F
sprintf@f                             cstackBANK1   00014E
sprintf@flag                          cstackBANK1   000159
sprintf@fval                          cstackBANK1   000167
sprintf@prec                          cstackBANK1   000165
sprintf@sp                            cstackBANK1   00014C
sprintf@tmpval                        cstackBANK1   000161
sprintf@val                           cstackBANK1   00015B
stackhi                               (abs)         000000
stacklo                               (abs)         000000
start                                 init          00013A
start_initialization                  cinit         0055F6
strncmp@len                           cstackCOMRAM  000005
strncmp@s1                            cstackCOMRAM  000001
strncmp@s2                            cstackCOMRAM  000003
ttemp5                                temp          00004E
ttemp6                                temp          000051
ttemp7                                temp          000055
wtemp8                                temp          00004E


MODULE INFORMATION

Module		Function		Class		Link	Load	Size
C:\Program Files\Microchip\xc8\v2.45\pic\sources\c90\common\awdiv.c
		___awdiv       		CODE           	48DA	0000	198

C:\Program Files\Microchip\xc8\v2.45\pic\sources\c90\common\awdiv.c estimated size: 198

C:\Program Files\Microchip\xc8\v2.45\pic\sources\c90\common\xxtofl.c
		___xxtofl      		CODE           	394A	0000	440

C:\Program Files\Microchip\xc8\v2.45\pic\sources\c90\common\xxtofl.c estimated size: 440

C:\Program Files\Microchip\xc8\v2.45\pic\sources\c90\common\isdigit.c
		_isdigit       		CODE           	54FE	0000	54

C:\Program Files\Microchip\xc8\v2.45\pic\sources\c90\common\isdigit.c estimated size: 54

C:\Program Files\Microchip\xc8\v2.45\pic\sources\c90\common\sprcadd.c
		___flsub       		CODE           	527C	0000	72
		___fladd       		CODE           	1398	0000	1218

C:\Program Files\Microchip\xc8\v2.45\pic\sources\c90\common\sprcadd.c estimated size: 1290

C:\Program Files\Microchip\xc8\v2.45\pic\sources\c90\common\flneg.c
		___flneg       		CODE           	548C	0000	58

C:\Program Files\Microchip\xc8\v2.45\pic\sources\c90\common\flneg.c estimated size: 58

C:\Program Files\Microchip\xc8\v2.45\pic\sources\c90\common\fleq.c
		___fleq        		CODE           	4C7C	0000	172

C:\Program Files\Microchip\xc8\v2.45\pic\sources\c90\common\fleq.c estimated size: 172

C:\Program Files\Microchip\xc8\v2.45\pic\sources\c90\common\doprnt.c
		_scale         		CODE           	1D1C	0000	1136
		_sprintf       		CODE           	013E	0000	2354
		_fround        		CODE           	31E2	0000	730

C:\Program Files\Microchip\xc8\v2.45\pic\sources\c90\common\doprnt.c estimated size: 4220

C:\Program Files\Microchip\xc8\v2.45\pic\sources\c90\common\lwmod.c
		___lwmod       		CODE           	51B2	0000	102

C:\Program Files\Microchip\xc8\v2.45\pic\sources\c90\common\lwmod.c estimated size: 102

C:\Program Files\Microchip\xc8\v2.45\pic\sources\c90\common\llmod.c
		___llmod       		CODE           	4FB6	0000	138

C:\Program Files\Microchip\xc8\v2.45\pic\sources\c90\common\llmod.c estimated size: 138

C:\Program Files\Microchip\xc8\v2.45\pic\sources\c90\common\ftdivl.c
		__tdiv_to_l_   		CODE           	3CB6	0000	344

C:\Program Files\Microchip\xc8\v2.45\pic\sources\c90\common\ftdivl.c estimated size: 344

shared
		i1___fleq      		CODE           	4D28	0000	170
		__powers_      		MEDIUMCONST    	FF01	0000	52
		_version       		CODE           	F00000	0000	28
		i1___lwdiv     		CODE           	513E	0000	116
		_dpowers       		MEDIUMCONST    	FF69	0000	40
		i1_isdigit     		CODE           	559C	0000	50
		i1___flneg     		CODE           	54C6	0000	56
		i1___awdiv     		CODE           	49A0	0000	196
		i1___fladd     		CODE           	185A	0000	1218
		i1__tdiv_to_l_ 		CODE           	3E0E	0000	342
		i1___wmul      		CODE           	561C	0000	38
		i1_envoyer_UART		CODE           	5392	0000	64
		i1__div_to_l_  		CODE           	40B2	0000	332
		i1___lwmod     		CODE           	5218	0000	100
		i1___fltol     		CODE           	4306	0000	264
		__npowers_     		MEDIUMCONST    	FF35	0000	52
		i1_scale       		CODE           	218C	0000	1124
		i1___lldiv     		CODE           	4E78	0000	164
		__initialization		CODE           	55F6	0000	28
		i1___flge      		CODE           	4514	0000	260
		i1___awmod     		CODE           	4BCC	0000	176
		i1_UartWriteChar		CODE           	569C	0000	22
		i1___flmul     		CODE           	2A1C	0000	1068
		i1___llmod     		CODE           	5040	0000	136
		i1_sprintf     		CODE           	0A70	0000	2344
		i1___xxtofl    		CODE           	3B02	0000	436
		i1___flsub     		CODE           	52C4	0000	72
		i2_effacer     		CODE           	5450	0000	60
		i1_fround      		CODE           	34BC	0000	714

shared estimated size: 9722

V8_CMS_FINAL.c
		_LowISR        		CODE           	0018	0000	290
		_envoyer_UART  		CODE           	530C	0000	68
		_Init_Interruption		CODE           	5738	0000	16
		_Init_Timer0   		CODE           	5666	0000	30
		_effacer       		CODE           	5412	0000	62
		_main          		CODE           	5350	0000	66
		_I2C_Write     		CODE           	5642	0000	36
		_R1_fermee     		CODE           	56EE	0000	20
		_SHT21_lecture_humidite		CODE           	4618	0000	240
		_R2_fermee     		CODE           	56C6	0000	20
		_I2C_Stop      		CODE           	5714	0000	18
		_I2C_Read      		CODE           	5568	0000	52
		_I2C_Init      		CODE           	5702	0000	18
		_SHT21_lecture_Temperature		CODE           	4708	0000	240
		_InitPic       		CODE           	5534	0000	52
		_R1_ouvert     		CODE           	56DA	0000	20
		_R2_ouvert     		CODE           	56B2	0000	20
		_I2C_Start     		CODE           	5726	0000	18
		_Iinit_ESP     		CODE           	47F8	0000	226
		_HighISR       		CODE           	0008	0000	458

V8_CMS_FINAL.c estimated size: 1970

C:\Program Files\Microchip\xc8\v2.45\pic\sources\c90\common\Umul16.c
		___wmul        		CODE           	55CE	0000	40

C:\Program Files\Microchip\xc8\v2.45\pic\sources\c90\common\Umul16.c estimated size: 40

C:\Program Files\Microchip\xc8\v2.45\pic\sources\c90\common\awmod.c
		___awmod       		CODE           	4B1A	0000	178

C:\Program Files\Microchip\xc8\v2.45\pic\sources\c90\common\awmod.c estimated size: 178

C:\Program Files\Microchip\xc8\v2.45\pic\sources\c90\common\strncmp.c
		_strncmp       		CODE           	4F1C	0000	154

C:\Program Files\Microchip\xc8\v2.45\pic\sources\c90\common\strncmp.c estimated size: 154

C:\Program Files\Microchip\xc8\v2.45\pic\sources\c90\common\sprcmul.c
		___flmul       		CODE           	25F0	0000	1068

C:\Program Files\Microchip\xc8\v2.45\pic\sources\c90\common\sprcmul.c estimated size: 1068

C:\Program Files\Microchip\xc8\v2.45\pic\sources\c90\common\fldivl.c
		__div_to_l_    		CODE           	3F64	0000	334

C:\Program Files\Microchip\xc8\v2.45\pic\sources\c90\common\fldivl.c estimated size: 334

C:\Program Files\Microchip\xc8\v2.45\pic\sources\c90\common\__lldiv.c
		___lldiv       		CODE           	4DD2	0000	166

C:\Program Files\Microchip\xc8\v2.45\pic\sources\c90\common\__lldiv.c estimated size: 166

C:\Program Files\Microchip\xc8\v2.45\pic\sources\c90\common\sprcdiv.c
		___fldiv       		CODE           	2E48	0000	922

C:\Program Files\Microchip\xc8\v2.45\pic\sources\c90\common\sprcdiv.c estimated size: 922

C:\Program Files\Microchip\xc8\v2.45\pic\sources\c90\common\lwdiv.c
		___lwdiv       		CODE           	50C8	0000	118

C:\Program Files\Microchip\xc8\v2.45\pic\sources\c90\common\lwdiv.c estimated size: 118

C:\Program Files\Microchip\xc8\v2.45\pic\sources\c90\common\flge.c
		___flge        		CODE           	440E	0000	262

C:\Program Files\Microchip\xc8\v2.45\pic\sources\c90\common\flge.c estimated size: 262

C:\Program Files\Microchip\xc8\v2.45\pic\sources\c90\common\fltol.c
		___fltol       		CODE           	41FE	0000	264

C:\Program Files\Microchip\xc8\v2.45\pic\sources\c90\common\fltol.c estimated size: 264

Uart.h
		_InitUart9600  		CODE           	4A64	0000	182
		_UartWriteChar 		CODE           	5684	0000	24
		_UartReadChar  		CODE           	53D2	0000	64

Uart.h estimated size: 270

